// Jest Snapshot v1, https://goo.gl/fbAQLP

exports[`matches snapshot 1`] = `
<DocumentFragment>
  <div>
    <h3>
      Shopping List
    </h3>
    <form>
      <label
        for="name"
      >
        Product :
      </label>
      <input
        id="name"
        name="name"
        placeholder="Item name"
        type="text"
        value=""
      />
      <label
        for="qty"
      >
        Quantity :
      </label>
      <input
        id="qty"
        name="qty"
        placeholder="Quantity"
        type="text"
        value=""
      />
      <button>
        Add Item
      </button>
    </form>
    <div>
      <ul>
        <li>
          Product name : Peanut Butter
        </li>
        <li>
          Qty : 2 
        </li>
      </ul>
      <ul>
        <li>
          Product name : Oat Milk
        </li>
        <li>
          Qty : 1 
        </li>
      </ul>
    </div>
  </div>
</DocumentFragment>
`;
